******************************************************************************
             TMS320C2000 Linker PC v20.2.1                     
******************************************************************************
>> Linked Tue Sep  6 11:00:38 2022

OUTPUT FILE NAME:   <../stageControl.out>
ENTRY POINT SYMBOL: "_c_int00"  address: 0008453a


MEMORY CONFIGURATION

         name            origin    length      used     unused   attr    fill
----------------------  --------  ---------  --------  --------  ----  --------
PAGE 0:
  BEGIN                 00000000   00000002  00000000  00000002  RWIX
  RAMLS_PROG            00008000   00002000  000000b3  00001f4d  RWIX
  BEGIN_FLASH           00080000   00000002  00000002  00000000  RWIX
  FLASHA_N              00080002   0003fffe  00004c3c  0003b3c2  RWIX
  RESET                 003fffc0   00000002  00000000  00000002  RWIX

PAGE 1:
  BOOT_RSVD             00000002   00000120  00000000  00000120  RWIX
  RAMM0M1               00000122   000006de  00000040  0000069e  RWIX
  ADCARESULT            00000b00   00000018  00000018  00000000  RWIX
  ADCBRESULT            00000b20   00000018  00000018  00000000  RWIX
  ADCCRESULT            00000b40   00000018  00000018  00000000  RWIX
  ADCDRESULT            00000b60   00000018  00000018  00000000  RWIX
  CPU_TIMER0            00000c00   00000008  00000008  00000000  RWIX
  CPU_TIMER1            00000c08   00000008  00000008  00000000  RWIX
  CPU_TIMER2            00000c10   00000008  00000008  00000000  RWIX
  PIE_CTRL              00000ce0   00000020  0000001a  00000006  RWIX
  PIE_VECT              00000d00   00000200  000001c0  00000040  RWIX
  DMA                   00001000   00000200  000000e0  00000120  RWIX
  CLA1                  00001400   00000040  0000003e  00000002  RWIX
  CLA1_MSGRAMLOW        00001480   00000080  00000000  00000080  RWIX
  CLA1_MSGRAMHIGH       00001500   00000080  00000000  00000080  RWIX
  CLB1LOGICCFG          00003000   00000052  0000003e  00000014  RWIX
  CLB1LOGICCTRL         00003100   00000040  00000040  00000000  RWIX
  CLB1DATAEXCH          00003200   00000200  00000108  000000f8  RWIX
  CLB2LOGICCFG          00003400   00000052  0000003e  00000014  RWIX
  CLB2LOGICCTRL         00003500   00000040  00000040  00000000  RWIX
  CLB2DATAEXCH          00003600   00000200  00000108  000000f8  RWIX
  CLB3LOGICCFG          00003800   00000052  0000003e  00000014  RWIX
  CLB3LOGICCTRL         00003900   00000040  00000040  00000000  RWIX
  CLB3DATAEXCH          00003a00   00000200  00000108  000000f8  RWIX
  CLB4LOGICCFG          00003c00   00000052  0000003e  00000014  RWIX
  CLB4LOGICCTRL         00003d00   00000040  00000040  00000000  RWIX
  CLB4DATAEXCH          00003e00   00000200  00000108  000000f8  RWIX
  EPWM1                 00004000   00000100  00000100  00000000  RWIX
  EPWM2                 00004100   00000100  00000100  00000000  RWIX
  EPWM3                 00004200   00000100  00000100  00000000  RWIX
  EPWM4                 00004300   00000100  00000100  00000000  RWIX
  EPWM5                 00004400   00000100  00000100  00000000  RWIX
  EPWM6                 00004500   00000100  00000100  00000000  RWIX
  EPWM7                 00004600   00000100  00000100  00000000  RWIX
  EPWM8                 00004700   00000100  00000100  00000000  RWIX
  EPWM9                 00004800   00000100  00000100  00000000  RWIX
  EPWM10                00004900   00000100  00000100  00000000  RWIX
  EPWM11                00004a00   00000100  00000100  00000000  RWIX
  EPWM12                00004b00   00000100  00000100  00000000  RWIX
  ECAP1                 00005000   00000020  0000001a  00000006  RWIX
  ECAP2                 00005020   00000020  0000001a  00000006  RWIX
  ECAP3                 00005040   00000020  0000001a  00000006  RWIX
  ECAP4                 00005060   00000020  0000001a  00000006  RWIX
  ECAP5                 00005080   00000020  0000001a  00000006  RWIX
  ECAP6                 000050a0   00000020  0000001a  00000006  RWIX
  EQEP1                 00005100   00000040  00000022  0000001e  RWIX
  EQEP2                 00005140   00000040  00000022  0000001e  RWIX
  EQEP3                 00005180   00000040  00000022  0000001e  RWIX
  DACA                  00005c00   00000010  00000007  00000009  RWIX
  DACB                  00005c10   00000010  00000007  00000009  RWIX
  DACC                  00005c20   00000010  00000007  00000009  RWIX
  CMPSS1                00005c80   00000020  0000001b  00000005  RWIX
  CMPSS2                00005ca0   00000020  0000001b  00000005  RWIX
  CMPSS3                00005cc0   00000020  0000001b  00000005  RWIX
  CMPSS4                00005ce0   00000020  0000001b  00000005  RWIX
  CMPSS5                00005d00   00000020  0000001b  00000005  RWIX
  CMPSS6                00005d20   00000020  0000001b  00000005  RWIX
  CMPSS7                00005d40   00000020  0000001b  00000005  RWIX
  CMPSS8                00005d60   00000020  0000001b  00000005  RWIX
  SDFM1                 00005e00   00000080  00000048  00000038  RWIX
  SDFM2                 00005e80   00000080  00000048  00000038  RWIX
  MCBSPA                00006000   00000040  00000024  0000001c  RWIX
  MCBSPB                00006040   00000040  00000024  0000001c  RWIX
  SPIA                  00006100   00000010  00000010  00000000  RWIX
  SPIB                  00006110   00000010  00000010  00000000  RWIX
  SPIC                  00006120   00000010  00000010  00000000  RWIX
  SPID                  00006130   00000010  00000000  00000010  RWIX
  UPP                   00006200   00000100  00000048  000000b8  RWIX
  WD                    00007000   00000040  0000002b  00000015  RWIX
  NMIINTRUPT            00007060   00000010  00000007  00000009  RWIX
  XINT                  00007070   00000010  0000000b  00000005  RWIX
  SCIA                  00007200   00000010  00000010  00000000  RWIX
  SCIB                  00007210   00000010  00000010  00000000  RWIX
  SCIC                  00007220   00000010  00000010  00000000  RWIX
  SCID                  00007230   00000010  00000010  00000000  RWIX
  I2CA                  00007300   00000040  00000022  0000001e  RWIX
  I2CB                  00007340   00000040  00000022  0000001e  RWIX
  ADCA                  00007400   00000080  0000007c  00000004  RWIX
  ADCB                  00007480   00000080  0000007c  00000004  RWIX
  ADCC                  00007500   00000080  0000007c  00000004  RWIX
  ADCD                  00007580   00000080  0000007c  00000004  RWIX
  INPUT_XBAR            00007900   00000020  00000020  00000000  RWIX
  XBAR                  00007920   00000020  0000000e  00000012  RWIX
  SYNC_SOC              00007940   00000010  00000006  0000000a  RWIX
  DMACLASRCSEL          00007980   00000040  0000001a  00000026  RWIX
  EPWM_XBAR             00007a00   00000040  00000040  00000000  RWIX
  CLB_XBAR              00007a40   00000040  00000040  00000000  RWIX
  OUTPUT_XBAR           00007a80   00000040  00000040  00000000  RWIX
  GPIOCTRL              00007c00   00000180  00000180  00000000  RWIX
  GPIODAT               00007f00   00000030  00000030  00000000  RWIX
  RAMLS_DATA            0000a000   00001000  00000000  00001000  RWIX
  RAMD0D1               0000b000   00001000  00000000  00001000  RWIX
  RAMGS_IPCBuffCPU1     0000c000   00001000  0000000c  00000ff4  RWIX
  RAMGS_IPCBuffCPU2     0000d000   00001000  00000000  00001000  RWIX
  RAMGS_DATA            0000e000   00007000  000006b3  0000694d  RWIX
  CPU2TOCPU1RAM         0003f800   00000400  00000000  00000400  RWIX
  CPU1TOCPU2RAM         0003fc00   00000400  000001c0  00000240  RWIX
  EMIF1                 00047000   00000800  00000028  000007d8  RWIX
  EMIF2                 00047800   00000800  00000028  000007d8  RWIX
  CANA                  00048000   00000200  00000164  0000009c  RWIX
  CANB                  0004a000   00000200  00000164  0000009c  RWIX
  IPC                   00050000   00000024  00000024  00000000  RWIX
  FLASHPUMPSEMAPHORE    00050024   00000002  00000002  00000000  RWIX
  DEV_CFG               0005d000   00000180  0000012e  00000052  RWIX
  ANALOG_SUBSYS         0005d180   00000080  0000003e  00000042  RWIX
  CLK_CFG               0005d200   00000100  00000032  000000ce  RWIX
  CPU_SYS               0005d300   00000100  00000082  0000007e  RWIX
  ROMPREFETCH           0005e608   00000002  00000002  00000000  RWIX
  DCSM_Z1               0005f000   00000030  00000022  0000000e  RWIX
  DCSM_Z2               0005f040   00000030  00000022  0000000e  RWIX
  DCSM_COMMON           0005f070   00000010  00000006  0000000a  RWIX
  MEMCFG                0005f400   00000080  00000076  0000000a  RWIX
  EMIF1CONFIG           0005f480   00000020  0000000a  00000016  RWIX
  EMIF2CONFIG           0005f4a0   00000020  0000000a  00000016  RWIX
  ACCESSPROTECTION      0005f4c0   00000040  0000002e  00000012  RWIX
  MEMORYERROR           0005f500   00000040  0000003a  00000006  RWIX
  ROMWAITSTATE          0005f540   00000002  00000002  00000000  RWIX
  FLASH0_CTRL           0005f800   00000300  00000182  0000017e  RWIX
  FLASH0_ECC            0005fb00   00000040  00000028  00000018  RWIX
  DCSM_Z1_OTP           00078000   00000020  00000000  00000020  RWIX
  DCSM_Z2_OTP           00078200   00000020  00000000  00000020  RWIX


SECTION ALLOCATION MAP

 output                                  attributes/
section   page    origin      length       input sections
--------  ----  ----------  ----------   ----------------
codestart 
*          0    00080000    00000002     
                  00080000    00000002     F2837xD_CodeStartBranch.obj (codestart)

ramfuncs   0    00080004    00000074     RUN ADDR = 00008000
                  00080004    0000004b     rtiostream_serial_c28x_ext_xcp.obj (ramfuncs:retain)
                  0008004f    00000029     datamodify_xcp.obj (ramfuncs)

AdcaResultRegsFile 
*          1    00000b00    00000018     UNINITIALIZED
                  00000b00    00000018     F2837xD_GlobalVariableDefs.obj (AdcaResultRegsFile)

AdcbResultRegsFile 
*          1    00000b20    00000018     UNINITIALIZED
                  00000b20    00000018     F2837xD_GlobalVariableDefs.obj (AdcbResultRegsFile)

AdccResultRegsFile 
*          1    00000b40    00000018     UNINITIALIZED
                  00000b40    00000018     F2837xD_GlobalVariableDefs.obj (AdccResultRegsFile)

AdcdResultRegsFile 
*          1    00000b60    00000018     UNINITIALIZED
                  00000b60    00000018     F2837xD_GlobalVariableDefs.obj (AdcdResultRegsFile)

CpuTimer0RegsFile 
*          1    00000c00    00000008     UNINITIALIZED
                  00000c00    00000008     F2837xD_GlobalVariableDefs.obj (CpuTimer0RegsFile)

CpuTimer1RegsFile 
*          1    00000c08    00000008     UNINITIALIZED
                  00000c08    00000008     F2837xD_GlobalVariableDefs.obj (CpuTimer1RegsFile)

CpuTimer2RegsFile 
*          1    00000c10    00000008     UNINITIALIZED
                  00000c10    00000008     F2837xD_GlobalVariableDefs.obj (CpuTimer2RegsFile)

PieCtrlRegsFile 
*          1    00000ce0    0000001a     UNINITIALIZED
                  00000ce0    0000001a     F2837xD_GlobalVariableDefs.obj (PieCtrlRegsFile)

PieVectTableFile 
*          1    00000d00    000001c0     UNINITIALIZED
                  00000d00    000001c0     F2837xD_GlobalVariableDefs.obj (PieVectTableFile)

EmuKeyVar 
*          1    00000d00    00000000     UNINITIALIZED

EmuBModeVar 
*          1    00000d00    00000000     UNINITIALIZED

FlashCallbackVar 
*          1    00000d00    00000000     UNINITIALIZED

FlashScalingVar 
*          1    00000d00    00000000     UNINITIALIZED

Cla1RegsFile 
*          1    00001400    0000003e     UNINITIALIZED
                  00001400    0000003e     F2837xD_GlobalVariableDefs.obj (Cla1RegsFile)

Clb1LogicCfgRegsFile 
*          1    00003000    0000003e     UNINITIALIZED
                  00003000    0000003e     F2837xD_GlobalVariableDefs.obj (Clb1LogicCfgRegsFile)

Clb1LogicCtrlRegsFile 
*          1    00003100    00000040     UNINITIALIZED
                  00003100    00000040     F2837xD_GlobalVariableDefs.obj (Clb1LogicCtrlRegsFile)

Clb2LogicCfgRegsFile 
*          1    00003400    0000003e     UNINITIALIZED
                  00003400    0000003e     F2837xD_GlobalVariableDefs.obj (Clb2LogicCfgRegsFile)

Clb2LogicCtrlRegsFile 
*          1    00003500    00000040     UNINITIALIZED
                  00003500    00000040     F2837xD_GlobalVariableDefs.obj (Clb2LogicCtrlRegsFile)

Clb3LogicCfgRegsFile 
*          1    00003800    0000003e     UNINITIALIZED
                  00003800    0000003e     F2837xD_GlobalVariableDefs.obj (Clb3LogicCfgRegsFile)

Clb3LogicCtrlRegsFile 
*          1    00003900    00000040     UNINITIALIZED
                  00003900    00000040     F2837xD_GlobalVariableDefs.obj (Clb3LogicCtrlRegsFile)

Clb4LogicCfgRegsFile 
*          1    00003c00    0000003e     UNINITIALIZED
                  00003c00    0000003e     F2837xD_GlobalVariableDefs.obj (Clb4LogicCfgRegsFile)

Clb4LogicCtrlRegsFile 
*          1    00003d00    00000040     UNINITIALIZED
                  00003d00    00000040     F2837xD_GlobalVariableDefs.obj (Clb4LogicCtrlRegsFile)

EPwm1RegsFile 
*          1    00004000    00000100     UNINITIALIZED
                  00004000    00000100     F2837xD_GlobalVariableDefs.obj (EPwm1RegsFile)

EPwm2RegsFile 
*          1    00004100    00000100     UNINITIALIZED
                  00004100    00000100     F2837xD_GlobalVariableDefs.obj (EPwm2RegsFile)

EPwm3RegsFile 
*          1    00004200    00000100     UNINITIALIZED
                  00004200    00000100     F2837xD_GlobalVariableDefs.obj (EPwm3RegsFile)

EPwm4RegsFile 
*          1    00004300    00000100     UNINITIALIZED
                  00004300    00000100     F2837xD_GlobalVariableDefs.obj (EPwm4RegsFile)

EPwm5RegsFile 
*          1    00004400    00000100     UNINITIALIZED
                  00004400    00000100     F2837xD_GlobalVariableDefs.obj (EPwm5RegsFile)

EPwm6RegsFile 
*          1    00004500    00000100     UNINITIALIZED
                  00004500    00000100     F2837xD_GlobalVariableDefs.obj (EPwm6RegsFile)

EPwm7RegsFile 
*          1    00004600    00000100     UNINITIALIZED
                  00004600    00000100     F2837xD_GlobalVariableDefs.obj (EPwm7RegsFile)

EPwm8RegsFile 
*          1    00004700    00000100     UNINITIALIZED
                  00004700    00000100     F2837xD_GlobalVariableDefs.obj (EPwm8RegsFile)

EPwm9RegsFile 
*          1    00004800    00000100     UNINITIALIZED
                  00004800    00000100     F2837xD_GlobalVariableDefs.obj (EPwm9RegsFile)

EPwm10RegsFile 
*          1    00004900    00000100     UNINITIALIZED
                  00004900    00000100     F2837xD_GlobalVariableDefs.obj (EPwm10RegsFile)

EPwm11RegsFile 
*          1    00004a00    00000100     UNINITIALIZED
                  00004a00    00000100     F2837xD_GlobalVariableDefs.obj (EPwm11RegsFile)

EPwm12RegsFile 
*          1    00004b00    00000100     UNINITIALIZED
                  00004b00    00000100     F2837xD_GlobalVariableDefs.obj (EPwm12RegsFile)

ECap1RegsFile 
*          1    00005000    0000001a     UNINITIALIZED
                  00005000    0000001a     F2837xD_GlobalVariableDefs.obj (ECap1RegsFile)

ECap2RegsFile 
*          1    00005020    0000001a     UNINITIALIZED
                  00005020    0000001a     F2837xD_GlobalVariableDefs.obj (ECap2RegsFile)

ECap3RegsFile 
*          1    00005040    0000001a     UNINITIALIZED
                  00005040    0000001a     F2837xD_GlobalVariableDefs.obj (ECap3RegsFile)

ECap4RegsFile 
*          1    00005060    0000001a     UNINITIALIZED
                  00005060    0000001a     F2837xD_GlobalVariableDefs.obj (ECap4RegsFile)

ECap5RegsFile 
*          1    00005080    0000001a     UNINITIALIZED
                  00005080    0000001a     F2837xD_GlobalVariableDefs.obj (ECap5RegsFile)

ECap6RegsFile 
*          1    000050a0    0000001a     UNINITIALIZED
                  000050a0    0000001a     F2837xD_GlobalVariableDefs.obj (ECap6RegsFile)

EQep1RegsFile 
*          1    00005100    00000022     UNINITIALIZED
                  00005100    00000022     F2837xD_GlobalVariableDefs.obj (EQep1RegsFile)

EQep2RegsFile 
*          1    00005140    00000022     UNINITIALIZED
                  00005140    00000022     F2837xD_GlobalVariableDefs.obj (EQep2RegsFile)

EQep3RegsFile 
*          1    00005180    00000022     UNINITIALIZED
                  00005180    00000022     F2837xD_GlobalVariableDefs.obj (EQep3RegsFile)

DacaRegsFile 
*          1    00005c00    00000007     UNINITIALIZED
                  00005c00    00000007     F2837xD_GlobalVariableDefs.obj (DacaRegsFile)

DacbRegsFile 
*          1    00005c10    00000007     UNINITIALIZED
                  00005c10    00000007     F2837xD_GlobalVariableDefs.obj (DacbRegsFile)

DaccRegsFile 
*          1    00005c20    00000007     UNINITIALIZED
                  00005c20    00000007     F2837xD_GlobalVariableDefs.obj (DaccRegsFile)

Cmpss1RegsFile 
*          1    00005c80    0000001b     UNINITIALIZED
                  00005c80    0000001b     F2837xD_GlobalVariableDefs.obj (Cmpss1RegsFile)

Cmpss2RegsFile 
*          1    00005ca0    0000001b     UNINITIALIZED
                  00005ca0    0000001b     F2837xD_GlobalVariableDefs.obj (Cmpss2RegsFile)

Cmpss3RegsFile 
*          1    00005cc0    0000001b     UNINITIALIZED
                  00005cc0    0000001b     F2837xD_GlobalVariableDefs.obj (Cmpss3RegsFile)

Cmpss4RegsFile 
*          1    00005ce0    0000001b     UNINITIALIZED
                  00005ce0    0000001b     F2837xD_GlobalVariableDefs.obj (Cmpss4RegsFile)

Cmpss5RegsFile 
*          1    00005d00    0000001b     UNINITIALIZED
                  00005d00    0000001b     F2837xD_GlobalVariableDefs.obj (Cmpss5RegsFile)

Cmpss6RegsFile 
*          1    00005d20    0000001b     UNINITIALIZED
                  00005d20    0000001b     F2837xD_GlobalVariableDefs.obj (Cmpss6RegsFile)

Cmpss7RegsFile 
*          1    00005d40    0000001b     UNINITIALIZED
                  00005d40    0000001b     F2837xD_GlobalVariableDefs.obj (Cmpss7RegsFile)

Cmpss8RegsFile 
*          1    00005d60    0000001b     UNINITIALIZED
                  00005d60    0000001b     F2837xD_GlobalVariableDefs.obj (Cmpss8RegsFile)

I2caRegsFile 
*          1    00007300    00000022     UNINITIALIZED
                  00007300    00000022     F2837xD_GlobalVariableDefs.obj (I2caRegsFile)

I2cbRegsFile 
*          1    00007340    00000022     UNINITIALIZED
                  00007340    00000022     F2837xD_GlobalVariableDefs.obj (I2cbRegsFile)

AdcaRegsFile 
*          1    00007400    0000007c     UNINITIALIZED
                  00007400    0000007c     F2837xD_GlobalVariableDefs.obj (AdcaRegsFile)

AdcbRegsFile 
*          1    00007480    0000007c     UNINITIALIZED
                  00007480    0000007c     F2837xD_GlobalVariableDefs.obj (AdcbRegsFile)

AdccRegsFile 
*          1    00007500    0000007c     UNINITIALIZED
                  00007500    0000007c     F2837xD_GlobalVariableDefs.obj (AdccRegsFile)

AdcdRegsFile 
*          1    00007580    0000007c     UNINITIALIZED
                  00007580    0000007c     F2837xD_GlobalVariableDefs.obj (AdcdRegsFile)

CanaRegsFile 
*          1    00048000    00000164     UNINITIALIZED
                  00048000    00000164     F2837xD_GlobalVariableDefs.obj (CanaRegsFile)

CanbRegsFile 
*          1    0004a000    00000164     UNINITIALIZED
                  0004a000    00000164     F2837xD_GlobalVariableDefs.obj (CanbRegsFile)

AnalogSubsysRegsFile 
*          1    0005d180    0000003e     UNINITIALIZED
                  0005d180    0000003e     F2837xD_GlobalVariableDefs.obj (AnalogSubsysRegsFile)

Cla1SoftIntRegsFile 
*          1    00000ce0    00000000     DSECT

Clb1DataExchRegsFile 
*          1    00003200    00000108     UNINITIALIZED
                  00003200    00000108     F2837xD_GlobalVariableDefs.obj (Clb1DataExchRegsFile)

Clb2DataExchRegsFile 
*          1    00003600    00000108     UNINITIALIZED
                  00003600    00000108     F2837xD_GlobalVariableDefs.obj (Clb2DataExchRegsFile)

Clb3DataExchRegsFile 
*          1    00003a00    00000108     UNINITIALIZED
                  00003a00    00000108     F2837xD_GlobalVariableDefs.obj (Clb3DataExchRegsFile)

Clb4DataExchRegsFile 
*          1    00003e00    00000108     UNINITIALIZED
                  00003e00    00000108     F2837xD_GlobalVariableDefs.obj (Clb4DataExchRegsFile)

Sdfm1RegsFile 
*          1    00005e00    00000048     UNINITIALIZED
                  00005e00    00000048     F2837xD_GlobalVariableDefs.obj (Sdfm1RegsFile)

Sdfm2RegsFile 
*          1    00005e80    00000048     UNINITIALIZED
                  00005e80    00000048     F2837xD_GlobalVariableDefs.obj (Sdfm2RegsFile)

McbspaRegsFile 
*          1    00006000    00000024     UNINITIALIZED
                  00006000    00000024     F2837xD_GlobalVariableDefs.obj (McbspaRegsFile)

McbspbRegsFile 
*          1    00006040    00000024     UNINITIALIZED
                  00006040    00000024     F2837xD_GlobalVariableDefs.obj (McbspbRegsFile)

SpiaRegsFile 
*          1    00006100    00000010     UNINITIALIZED
                  00006100    00000010     F2837xD_GlobalVariableDefs.obj (SpiaRegsFile)

SpibRegsFile 
*          1    00006110    00000010     UNINITIALIZED
                  00006110    00000010     F2837xD_GlobalVariableDefs.obj (SpibRegsFile)

SpicRegsFile 
*          1    00006120    00000010     UNINITIALIZED
                  00006120    00000010     F2837xD_GlobalVariableDefs.obj (SpicRegsFile)

UppRegsFile 
*          1    00006200    00000048     UNINITIALIZED
                  00006200    00000048     F2837xD_GlobalVariableDefs.obj (UppRegsFile)

WdRegsFile 
*          1    00007000    0000002b     UNINITIALIZED
                  00007000    0000002b     F2837xD_GlobalVariableDefs.obj (WdRegsFile)

NmiIntruptRegsFile 
*          1    00007060    00000007     UNINITIALIZED
                  00007060    00000007     F2837xD_GlobalVariableDefs.obj (NmiIntruptRegsFile)

XintRegsFile 
*          1    00007070    0000000b     UNINITIALIZED
                  00007070    0000000b     F2837xD_GlobalVariableDefs.obj (XintRegsFile)

SciaRegsFile 
*          1    00007200    00000010     UNINITIALIZED
                  00007200    00000010     F2837xD_GlobalVariableDefs.obj (SciaRegsFile)

ScibRegsFile 
*          1    00007210    00000010     UNINITIALIZED
                  00007210    00000010     F2837xD_GlobalVariableDefs.obj (ScibRegsFile)

ScicRegsFile 
*          1    00007220    00000010     UNINITIALIZED
                  00007220    00000010     F2837xD_GlobalVariableDefs.obj (ScicRegsFile)

ScidRegsFile 
*          1    00007230    00000010     UNINITIALIZED
                  00007230    00000010     F2837xD_GlobalVariableDefs.obj (ScidRegsFile)

InputXbarRegsFile 
*          1    00007900    00000020     UNINITIALIZED
                  00007900    00000020     F2837xD_GlobalVariableDefs.obj (InputXbarRegsFile)

XbarRegsFile 
*          1    00007920    0000000e     UNINITIALIZED
                  00007920    0000000e     F2837xD_GlobalVariableDefs.obj (XbarRegsFile)

SyncSocRegsFile 
*          1    00007940    00000006     UNINITIALIZED
                  00007940    00000006     F2837xD_GlobalVariableDefs.obj (SyncSocRegsFile)

EPwmXbarRegsFile 
*          1    00007a00    00000040     UNINITIALIZED
                  00007a00    00000040     F2837xD_GlobalVariableDefs.obj (EPwmXbarRegsFile)

ClbXbarRegsFile 
*          1    00007a40    00000040     UNINITIALIZED
                  00007a40    00000040     F2837xD_GlobalVariableDefs.obj (ClbXbarRegsFile)

OutputXbarRegsFile 
*          1    00007a80    00000040     UNINITIALIZED
                  00007a80    00000040     F2837xD_GlobalVariableDefs.obj (OutputXbarRegsFile)

GpioCtrlRegsFile 
*          1    00007c00    00000180     UNINITIALIZED
                  00007c00    00000180     F2837xD_GlobalVariableDefs.obj (GpioCtrlRegsFile)

GpioDataRegsFile 
*          1    00007f00    00000030     UNINITIALIZED
                  00007f00    00000030     F2837xD_GlobalVariableDefs.obj (GpioDataRegsFile)

IpcRegsFile 
*          1    00050000    00000024     UNINITIALIZED
                  00050000    00000024     F2837xD_GlobalVariableDefs.obj (IpcRegsFile)

FlashPumpSemaphoreRegsFile 
*          1    00050024    00000002     UNINITIALIZED
                  00050024    00000002     F2837xD_GlobalVariableDefs.obj (FlashPumpSemaphoreRegsFile)

RomPrefetchRegsFile 
*          1    0005e608    00000002     UNINITIALIZED
                  0005e608    00000002     F2837xD_GlobalVariableDefs.obj (RomPrefetchRegsFile)

DcsmZ1RegsFile 
*          1    0005f000    00000022     UNINITIALIZED
                  0005f000    00000022     F2837xD_GlobalVariableDefs.obj (DcsmZ1RegsFile)

DcsmZ2RegsFile 
*          1    0005f040    00000022     UNINITIALIZED
                  0005f040    00000022     F2837xD_GlobalVariableDefs.obj (DcsmZ2RegsFile)

DcsmCommonRegsFile 
*          1    0005f070    00000006     UNINITIALIZED
                  0005f070    00000006     F2837xD_GlobalVariableDefs.obj (DcsmCommonRegsFile)

DmaRegsFile 
*          1    00001000    000000e0     UNINITIALIZED
                  00001000    000000e0     F2837xD_GlobalVariableDefs.obj (DmaRegsFile)

DmaClaSrcSelRegsFile 
*          1    00007980    0000001a     UNINITIALIZED
                  00007980    0000001a     F2837xD_GlobalVariableDefs.obj (DmaClaSrcSelRegsFile)

Emif1RegsFile 
*          1    00047000    00000028     UNINITIALIZED
                  00047000    00000028     F2837xD_GlobalVariableDefs.obj (Emif1RegsFile)

Emif2RegsFile 
*          1    00047800    00000028     UNINITIALIZED
                  00047800    00000028     F2837xD_GlobalVariableDefs.obj (Emif2RegsFile)

MemCfgRegsFile 
*          1    0005f400    00000076     UNINITIALIZED
                  0005f400    00000076     F2837xD_GlobalVariableDefs.obj (MemCfgRegsFile)

Emif1ConfigRegsFile 
*          1    0005f480    0000000a     UNINITIALIZED
                  0005f480    0000000a     F2837xD_GlobalVariableDefs.obj (Emif1ConfigRegsFile)

Emif2ConfigRegsFile 
*          1    0005f4a0    0000000a     UNINITIALIZED
                  0005f4a0    0000000a     F2837xD_GlobalVariableDefs.obj (Emif2ConfigRegsFile)

AccessProtectionRegsFile 
*          1    0005f4c0    0000002e     UNINITIALIZED
                  0005f4c0    0000002e     F2837xD_GlobalVariableDefs.obj (AccessProtectionRegsFile)

MemoryErrorRegsFile 
*          1    0005f500    0000003a     UNINITIALIZED
                  0005f500    0000003a     F2837xD_GlobalVariableDefs.obj (MemoryErrorRegsFile)

RomWaitStateRegsFile 
*          1    0005f540    00000002     UNINITIALIZED
                  0005f540    00000002     F2837xD_GlobalVariableDefs.obj (RomWaitStateRegsFile)

Flash0CtrlRegsFile 
*          1    0005f800    00000182     UNINITIALIZED
                  0005f800    00000182     F2837xD_GlobalVariableDefs.obj (Flash0CtrlRegsFile)

Flash0EccRegsFile 
*          1    0005fb00    00000028     UNINITIALIZED
                  0005fb00    00000028     F2837xD_GlobalVariableDefs.obj (Flash0EccRegsFile)

DevCfgRegsFile 
*          1    0005d000    0000012e     UNINITIALIZED
                  0005d000    0000012e     F2837xD_GlobalVariableDefs.obj (DevCfgRegsFile)

ClkCfgRegsFile 
*          1    0005d200    00000032     UNINITIALIZED
                  0005d200    00000032     F2837xD_GlobalVariableDefs.obj (ClkCfgRegsFile)

CpuSysRegsFile 
*          1    0005d300    00000082     UNINITIALIZED
                  0005d300    00000082     F2837xD_GlobalVariableDefs.obj (CpuSysRegsFile)

.cinit     0    00084a04    000001e2     
                  00084a04    00000066     stageControl_data.obj (.cinit)
                  00084a6a    0000005b     xcp_ext_classic_trigger.obj (.cinit)
                  00084ac5    0000004c     xcp_ext_common.obj (.cinit)
                  00084b11    0000001e     xcp_daq.obj (.cinit)
                  00084b2f    0000001c     MW_c28xIPC.obj (.cinit)
                  00084b4b    00000014     xcp.obj (.cinit)
                  00084b5f    00000014     xcp_frame_serial.obj (.cinit)
                  00084b73    0000000f     xcp_standard.obj (.cinit)
                  00084b82    0000000e     rts2800_fpu32.lib : exit.c.obj (.cinit)
                  00084b90    0000000a     c2837xDBoard_Realtime_Support.obj (.cinit)
                  00084b9a    00000009     MW_c2000DAC.obj (.cinit:_MW_DAC_PTR)
                  00084ba3    00000008     ert_main.obj (.cinit)
                  00084bab    00000008     stageControl.obj (.cinit)
                  00084bb3    00000008     xcp_drv_rtiostream.obj (.cinit)
                  00084bbb    00000008     xcp_transport.obj (.cinit)
                  00084bc3    00000005     rts2800_fpu32.lib : _lock.c.obj (.cinit:__lock)
                  00084bc8    00000005                       : _lock.c.obj (.cinit:__unlock)
                  00084bcd    00000005     xcp_ext_common.obj (.cinit:_xcpCurrentSimulationTimeInTicks)
                  00084bd2    00000005     rtiostream_serial_c28x_ext_xcp.obj (.cinit)
                  00084bd7    00000005     xcp_calibration.obj (.cinit)
                  00084bdc    00000004     MW_c2000DAC.obj (.cinit)
                  00084be0    00000004     MW_c28xGPIO.obj (.cinit)
                  00084be4    00000002     --HOLE-- [fill = 0]

.pinit     0    00080004    00000000     UNINITIALIZED

.text      0    00080078    000046fb     
                  00080078    00000cbd     xcp_daq.obj (.text)
                  00080d35    00000585     F2837xD_DefaultISR.obj (.text:retain)
                  000812ba    000004e7     stageControl.obj (.text)
                  000817a1    000004aa     F2837xD_SysCtrl.obj (.text)
                  00081c4b    00000473     xcp_mem_default.obj (.text)
                  000820be    00000459     MW_c28xIPC.obj (.text)
                  00082517    000003b5     xcp.obj (.text)
                  000828cc    000002ea     xcp_transport.obj (.text)
                  00082bb6    000002da     F2837xD_Ipc_Driver_Lite.obj (.text)
                  00082e90    00000244     F2837xD_Gpio.obj (.text)
                  000830d4    0000022a     xcp_standard.obj (.text)
                  000832fe    0000021e     c2837xDBoard_Realtime_Support.obj (.text)
                  0008351c    0000020f     xcp_frame_serial.obj (.text)
                  0008372b    000001b6     xcp_ext_classic_trigger.obj (.text)
                  000838e1    0000018b     xcp_ext_common.obj (.text)
                  00083a6c    00000170     xcp_ext_mode.obj (.text)
                  00083bdc    0000016a     xcp_drv_rtiostream.obj (.text)
                  00083d46    0000011c     rtiostream_serial_c28x_ext_xcp.obj (.text)
                  00083e62    000000f0     F2837xD_Adc.obj (.text)
                  00083f52    000000e6     c2837xDBoard_Realtime_Support.obj (.text:retain)
                  00084038    000000d4     xcp_calibration.obj (.text)
                  0008410c    000000b9     datamodify_xcp.obj (.text)
                  000841c5    000000b7     ert_main.obj (.text)
                  0008427c    0000009c     MW_c28xx_board.obj (.text)
                  00084318    0000007c     F2837xD_CpuTimers.obj (.text)
                  00084394    00000072     MW_c28xx_adc.obj (.text)
                  00084406    00000070     c2837xDSchedulerTimer0.obj (.text)
                  00084476    00000065     MW_c2000DAC.obj (.text)
                  000844db    0000005f     xcp_fifo.obj (.text)
                  0008453a    00000056     rts2800_fpu32.lib : boot28.asm.obj (.text)
                  00084590    0000004e     MW_c28xx_qep.obj (.text)
                  000845de    00000044     c2837xDSchedulerTimer0.obj (.text:retain)
                  00084622    00000030     MW_c28xGPIO.obj (.text)
                  00084652    00000029     rts2800_fpu32.lib : exit.c.obj (.text)
                  0008467b    00000028     F2837xD_PieCtrl.obj (.text)
                  000846a3    00000026     F2837xD_PieVect.obj (.text)
                  000846c9    00000024     rts2800_fpu32.lib : cpy_tbl.c.obj (.text)
                  000846ed    0000001f     xcp_ext_param_default_serial.obj (.text)
                  0008470c    0000001d     rts2800_fpu32.lib : memcpy.c.obj (.text)
                  00084729    00000012                       : args_main.c.obj (.text)
                  0008473b    00000011     MW_c28xGlobalInterrupts.obj (.text)
                  0008474c    0000000c     c2000HardwareTimerConfig.obj (.text)
                  00084758    00000009     rts2800_fpu32.lib : _lock.c.obj (.text)
                  00084761    00000008     F2837xD_CodeStartBranch.obj (.text)
                  00084769    00000007     rts2800_fpu32.lib : memset.c.obj (.text)
                  00084770    00000002                       : pre_init.c.obj (.text)
                  00084772    00000001                       : startup.c.obj (.text)

.TI.ramfunc 
*          0    00084774    0000003f     RUN ADDR = 00008074
                  00084774    00000037     F2837xD_SysCtrl.obj (.TI.ramfunc)
                  000847ab    00000004     F2837xD_usDelay.obj (.TI.ramfunc)
                  000847af    00000004     sysctl.obj (.TI.ramfunc)

.econst    0    000847b4    0000024e     
                  000847b4    000001c0     F2837xD_PieVect.obj (.econst:_PieVectTableInit)
                  00084974    00000048     xcp_daq.obj (.econst:_daqSupportedRxPacket)
                  000849bc    0000002a     xcp_standard.obj (.econst:_standardSupportedRxPacket)
                  000849e6    0000000c     xcp_calibration.obj (.econst:_calibrationSupportedRxPacket)
                  000849f2    00000006     xcp_mem_default.obj (.econst:_xcpMemMainBlockSizes)
                  000849f8    00000006     xcp_mem_default.obj (.econst:_xcpMemMainBlocksNumber)
                  000849fe    00000004     stageControl.obj (.econst)

.switch    0    00084be8    0000005e     
                  00084be8    00000024     c2837xDBoard_Realtime_Support.obj (.switch:_CPU02toCPU01IPC0IntHandler)
                  00084c0c    0000001e     xcp.obj (.switch:_genericOutputPacketHandler)
                  00084c2a    0000001c     c2837xDBoard_Realtime_Support.obj (.switch:_setInXBARForCPU2)

.stack     1    00000122    00000040     UNINITIALIZED
                  00000122    00000040     --HOLE--

.reset     0    003fffc0    00000002     DSECT
                  003fffc0    00000002     rts2800_fpu32.lib : boot28.asm.obj (.reset)

PUTBUFFER 
*          1    0003fc00    00000100     UNINITIALIZED
                  0003fc00    00000100     MW_c28xIPC.obj (PUTBUFFER)

PUTWRITEIDX 
*          1    0003fd00    00000020     UNINITIALIZED
                  0003fd00    00000020     MW_c28xIPC.obj (PUTWRITEIDX)

GETREADIDX 
*          1    0003fd20    00000020     UNINITIALIZED
                  0003fd20    00000020     MW_c28xIPC.obj (GETREADIDX)

WRITEFLAG1CPU1 
*          1    0003fd40    00000020     UNINITIALIZED
                  0003fd40    00000020     MW_c28xIPC.obj (WRITEFLAG1CPU1)

WRITEFLAG2CPU1 
*          1    0003fd60    00000020     UNINITIALIZED
                  0003fd60    00000020     MW_c28xIPC.obj (WRITEFLAG2CPU1)

READFLAG1CPU1 
*          1    0003fd80    00000020     UNINITIALIZED
                  0003fd80    00000020     MW_c28xIPC.obj (READFLAG1CPU1)

READFLAG2CPU1 
*          1    0003fda0    00000020     UNINITIALIZED
                  0003fda0    00000020     MW_c28xIPC.obj (READFLAG2CPU1)

GETBUFFER 
*          0    0003f800    00000100     DSECT
                  0003f800    00000100     MW_c28xIPC.obj (GETBUFFER)

GETWRITEIDX 
*          0    0003f900    00000020     DSECT
                  0003f900    00000020     MW_c28xIPC.obj (GETWRITEIDX)

PUTREADIDX 
*          0    0003f920    00000020     DSECT
                  0003f920    00000020     MW_c28xIPC.obj (PUTREADIDX)

WRITEFLAG1CPU2 
*          0    0003f940    00000020     DSECT
                  0003f940    00000020     MW_c28xIPC.obj (WRITEFLAG1CPU2)

WRITEFLAG2CPU2 
*          0    0003f960    00000020     DSECT
                  0003f960    00000020     MW_c28xIPC.obj (WRITEFLAG2CPU2)

READFLAG1CPU2 
*          0    0003f980    00000020     DSECT
                  0003f980    00000020     MW_c28xIPC.obj (READFLAG1CPU2)

READFLAG2CPU2 
*          0    0003f9a0    00000020     DSECT
                  0003f9a0    00000020     MW_c28xIPC.obj (READFLAG2CPU2)

CPU1TOCPU2GSRAM 
*          1    0000c000    0000000c     UNINITIALIZED
                  0000c000    0000000c     MW_c28xIPC.obj (CPU1TOCPU2GSRAM)

.ebss      1    0000e000    000006b3     UNINITIALIZED
                  0000e000    000001c0     MW_c28xIPC.obj (.ebss:_mwIpcControllerTx)
                  0000e1c0    000001be     xcp_mem_default.obj (.ebss:_xcpMemReservedPoolsChunk)
                  0000e37e    00000002     rts2800_fpu32.lib : _lock.c.obj (.ebss:__lock)
                  0000e380    0000007f     xcp_mem_default.obj (.ebss:_xcpMemMainChunk)
                  0000e3ff    00000001     MW_c2000DAC.obj (.ebss)
                  0000e400    00000064     stageControl_data.obj (.ebss)
                  0000e464    0000001c     xcp_ext_classic_trigger.obj (.ebss)
                  0000e480    00000060     stageControl.obj (.ebss)
                  0000e4e0    0000001e     xcp_ext_common.obj (.ebss)
                  0000e4fe    00000002     rts2800_fpu32.lib : _lock.c.obj (.ebss:__unlock)
                  0000e500    00000054     xcp_mem_default.obj (.ebss:_xcpMemPoolDescriptors)
                  0000e554    00000018     F2837xD_CpuTimers.obj (.ebss)
                  0000e56c    00000010     stageControl.obj (.ebss:_systemRan$3)
                  0000e57c    00000004     xcp_transport.obj (.ebss:_rxFifo)
                  0000e580    00000042     datamodify_xcp.obj (.ebss)
                  0000e5c2    00000018     xcp_daq.obj (.ebss)
                  0000e5da    00000008     xcp.obj (.ebss:_groupPacketLookup)
                  0000e5e2    00000008     xcp_transport.obj (.ebss:_txFifo)
                  0000e5ea    00000008     xcp_standard.obj (.ebss)
                  0000e5f2    00000006     MW_c2000DAC.obj (.ebss:_MW_DAC_PTR)
                  0000e5f8    00000006     xcp_ext_mode.obj (.ebss:_xcpCustomTriggerFunction)
                  0000e5fe    00000002     rtiostream_serial_c28x_ext_xcp.obj (.ebss)
                  0000e600    00000040     MW_c28xIPC.obj (.ebss:_IpcGSlocation1)
                  0000e640    00000040     MW_c28xIPC.obj (.ebss:_IpcGSlocation2)
                  0000e680    00000006     c2837xDBoard_Realtime_Support.obj (.ebss)
                  0000e686    00000006     rts2800_fpu32.lib : exit.c.obj (.ebss)
                  0000e68c    00000005     xcp.obj (.ebss)
                  0000e691    00000005     xcp_frame_serial.obj (.ebss)
                  0000e696    00000004     xcp_ext_common.obj (.ebss:_xcpCurrentSimulationTimeInTicks)
                  0000e69a    00000004     xcp_mem_default.obj (.ebss:_xcpMemCustomPoolDescriptors)
                  0000e69e    00000004     ert_main.obj (.ebss)
                  0000e6a2    00000004     xcp_mem_default.obj (.ebss)
                  0000e6a6    00000004     xcp_transport.obj (.ebss)
                  0000e6aa    00000003     MW_c28xIPC.obj (.ebss)
                  0000e6ad    00000001     MW_c28xGPIO.obj (.ebss)
                  0000e6ae    00000002     xcp_calibration.obj (.ebss)
                  0000e6b0    00000002     xcp_drv_rtiostream.obj (.ebss)
                  0000e6b2    00000001     MW_c28xGlobalInterrupts.obj (.ebss)

MODULE SUMMARY

       Module                               code    initialized data   uninitialized data
       ------                               ----    ----------------   ------------------
    <current directory>
       F2837xD_GlobalVariableDefs.obj       0       0                  9854              
       xcp_daq.obj                          3261    102                24                
       MW_c28xIPC.obj                       1113    28                 1039              
       xcp_mem_default.obj                  1139    12                 665               
       F2837xD_DefaultISR.obj               1413    0                  0                 
       stageControl.obj                     1255    12                 112               
       F2837xD_SysCtrl.obj                  1304    0                  0                 
       xcp.obj                              949     50                 13                
       c2837xDBoard_Realtime_Support.obj    772     74                 6                 
       xcp_transport.obj                    746     8                  16                
       F2837xD_Ipc_Driver_Lite.obj          730     0                  0                 
       xcp_standard.obj                     554     57                 8                 
       F2837xD_Gpio.obj                     580     0                  0                 
       xcp_ext_classic_trigger.obj          438     91                 28                
       xcp_frame_serial.obj                 527     20                 5                 
       xcp_ext_common.obj                   395     81                 34                
       F2837xD_PieVect.obj                  38      448                0                 
       rtiostream_serial_c28x_ext_xcp.obj   434     5                  2                 
       xcp_ext_mode.obj                     368     0                  6                 
       xcp_drv_rtiostream.obj               362     8                  2                 
       datamodify_xcp.obj                   267     0                  66                
       F2837xD_Adc.obj                      240     0                  0                 
       xcp_calibration.obj                  212     17                 2                 
       stageControl_data.obj                0       102                100               
       ert_main.obj                         183     8                  4                 
       c2837xDSchedulerTimer0.obj           180     0                  0                 
       MW_c28xx_board.obj                   156     0                  0                 
       F2837xD_CpuTimers.obj                124     0                  24                
       MW_c2000DAC.obj                      101     13                 7                 
       MW_c28xx_adc.obj                     114     0                  0                 
       xcp_fifo.obj                         95      0                  0                 
       MW_c28xx_qep.obj                     78      0                  0                 
       MW_c28xGPIO.obj                      48      4                  1                 
       F2837xD_PieCtrl.obj                  40      0                  0                 
       xcp_ext_param_default_serial.obj     31      0                  0                 
       MW_c28xGlobalInterrupts.obj          17      0                  1                 
       c2000HardwareTimerConfig.obj         12      0                  0                 
       F2837xD_CodeStartBranch.obj          10      0                  0                 
       F2837xD_usDelay.obj                  8       0                  0                 
       sysctl.obj                           8       0                  0                 
    +--+------------------------------------+-------+------------------+--------------------+
       Total:                               18302   1140               12019             
                                                                                         
    C:/PROGRA~3/MATLAB/SUPPOR~1/3P778C~1.INS/TIC28X~1.INS/TI-CGT~1.LTS/lib/rts2800_fpu32.lib
       boot28.asm.obj                       86      0                  0                 
       exit.c.obj                           41      14                 6                 
       cpy_tbl.c.obj                        36      0                  0                 
       memcpy.c.obj                         29      0                  0                 
       _lock.c.obj                          9       10                 4                 
       args_main.c.obj                      18      0                  0                 
       memset.c.obj                         7       0                  0                 
       pre_init.c.obj                       2       0                  0                 
       startup.c.obj                        1       0                  0                 
    +--+------------------------------------+-------+------------------+--------------------+
       Total:                               229     24                 10                
                                                                                         
       Stack:                               0       0                  64                
    +--+------------------------------------+-------+------------------+--------------------+
       Grand Total:                         18531   1164               12093             


GLOBAL DATA SYMBOLS: SORTED BY DATA PAGE

address     data page           name
--------    ----------------    ----
00000122       4 (00000100)     __stack

00000b00      2c (00000b00)     _AdcaResultRegs
00000b20      2c (00000b00)     _AdcbResultRegs

00000b40      2d (00000b40)     _AdccResultRegs
00000b60      2d (00000b40)     _AdcdResultRegs

00000c00      30 (00000c00)     _CpuTimer0Regs
00000c08      30 (00000c00)     _CpuTimer1Regs
00000c10      30 (00000c00)     _CpuTimer2Regs

00000ce0      33 (00000cc0)     _PieCtrlRegs

00000d00      34 (00000d00)     _PieVectTable

00001000      40 (00001000)     _DmaRegs

00001400      50 (00001400)     _Cla1Regs

00003000      c0 (00003000)     _Clb1LogicCfgRegs

00003100      c4 (00003100)     _Clb1LogicCtrlRegs

00003200      c8 (00003200)     _Clb1DataExchRegs

00003400      d0 (00003400)     _Clb2LogicCfgRegs

00003500      d4 (00003500)     _Clb2LogicCtrlRegs

00003600      d8 (00003600)     _Clb2DataExchRegs

00003800      e0 (00003800)     _Clb3LogicCfgRegs

00003900      e4 (00003900)     _Clb3LogicCtrlRegs

00003a00      e8 (00003a00)     _Clb3DataExchRegs

00003c00      f0 (00003c00)     _Clb4LogicCfgRegs

00003d00      f4 (00003d00)     _Clb4LogicCtrlRegs

00003e00      f8 (00003e00)     _Clb4DataExchRegs

00004000     100 (00004000)     _EPwm1Regs

00004100     104 (00004100)     _EPwm2Regs

00004200     108 (00004200)     _EPwm3Regs

00004300     10c (00004300)     _EPwm4Regs

00004400     110 (00004400)     _EPwm5Regs

00004500     114 (00004500)     _EPwm6Regs

00004600     118 (00004600)     _EPwm7Regs

00004700     11c (00004700)     _EPwm8Regs

00004800     120 (00004800)     _EPwm9Regs

00004900     124 (00004900)     _EPwm10Regs

00004a00     128 (00004a00)     _EPwm11Regs

00004b00     12c (00004b00)     _EPwm12Regs

00005000     140 (00005000)     _ECap1Regs
00005020     140 (00005000)     _ECap2Regs

00005040     141 (00005040)     _ECap3Regs
00005060     141 (00005040)     _ECap4Regs

00005080     142 (00005080)     _ECap5Regs
000050a0     142 (00005080)     _ECap6Regs

00005100     144 (00005100)     _EQep1Regs

00005140     145 (00005140)     _EQep2Regs

00005180     146 (00005180)     _EQep3Regs

00005c00     170 (00005c00)     _DacaRegs
00005c10     170 (00005c00)     _DacbRegs
00005c20     170 (00005c00)     _DaccRegs

00005c80     172 (00005c80)     _Cmpss1Regs
00005ca0     172 (00005c80)     _Cmpss2Regs

00005cc0     173 (00005cc0)     _Cmpss3Regs
00005ce0     173 (00005cc0)     _Cmpss4Regs

00005d00     174 (00005d00)     _Cmpss5Regs
00005d20     174 (00005d00)     _Cmpss6Regs

00005d40     175 (00005d40)     _Cmpss7Regs
00005d60     175 (00005d40)     _Cmpss8Regs

00005e00     178 (00005e00)     _Sdfm1Regs

00005e80     17a (00005e80)     _Sdfm2Regs

00006000     180 (00006000)     _McbspaRegs

00006040     181 (00006040)     _McbspbRegs

00006100     184 (00006100)     _SpiaRegs
00006110     184 (00006100)     _SpibRegs
00006120     184 (00006100)     _SpicRegs

00006200     188 (00006200)     _UppRegs

00007000     1c0 (00007000)     _WdRegs

00007060     1c1 (00007040)     _NmiIntruptRegs
00007070     1c1 (00007040)     _XintRegs

00007200     1c8 (00007200)     _SciaRegs
00007210     1c8 (00007200)     _ScibRegs
00007220     1c8 (00007200)     _ScicRegs
00007230     1c8 (00007200)     _ScidRegs

00007300     1cc (00007300)     _I2caRegs

00007340     1cd (00007340)     _I2cbRegs

00007400     1d0 (00007400)     _AdcaRegs

00007480     1d2 (00007480)     _AdcbRegs

00007500     1d4 (00007500)     _AdccRegs

00007580     1d6 (00007580)     _AdcdRegs

00007900     1e4 (00007900)     _InputXbarRegs
00007920     1e4 (00007900)     _XbarRegs

00007940     1e5 (00007940)     _SyncSocRegs

00007980     1e6 (00007980)     _DmaClaSrcSelRegs

00007a00     1e8 (00007a00)     _EPwmXbarRegs

00007a40     1e9 (00007a40)     _ClbXbarRegs

00007a80     1ea (00007a80)     _OutputXbarRegs

00007c00     1f0 (00007c00)     _GpioCtrlRegs

00007f00     1fc (00007f00)     _GpioDataRegs

0000c000     300 (0000c000)     _mwChannel0Buff1
0000c002     300 (0000c000)     _mwChannel0Buff2
0000c004     300 (0000c000)     _mwChannel1Buff1
0000c006     300 (0000c000)     _mwChannel1Buff2
0000c008     300 (0000c000)     _mwChannel2Buff1
0000c00a     300 (0000c000)     _mwChannel2Buff2

0000e000     380 (0000e000)     _mwCMIpcControllerTx
0000e000     380 (0000e000)     _mwIpcControllerTx

0000e37e     38d (0000e340)     __lock

0000e400     390 (0000e400)     _stageControl_P

0000e464     391 (0000e440)     _xcpClassicTriggerEventId
0000e465     391 (0000e440)     _xcpClassicTriggerSignalAddressExtension
0000e466     391 (0000e440)     _xcpClassicTriggerDirection
0000e467     391 (0000e440)     _xcpClassicTriggerArmRequest
0000e468     391 (0000e440)     _xcpClassicTriggerCancelRequest
0000e469     391 (0000e440)     _xcpClassicTriggerSource
0000e46a     391 (0000e440)     _xcpClassicTriggerMode
0000e46b     391 (0000e440)     _xcpClassicTriggerStatus
0000e472     391 (0000e440)     _xcpClassicTriggerSignalAddress
0000e474     391 (0000e440)     _xcpClassicTriggerLevel
0000e476     391 (0000e440)     _xcpClassicTriggerDuration
0000e478     391 (0000e440)     _xcpClassicTriggerHoldOff
0000e47a     391 (0000e440)     _xcpClassicTriggerDelay

0000e480     392 (0000e480)     _MW_adcAInitFlag
0000e481     392 (0000e480)     _MW_adcDInitFlag
0000e48c     392 (0000e480)     _stageControl_DW
0000e49e     392 (0000e480)     _stageControl_B

0000e4e0     393 (0000e4c0)     _xcpModelStartRequest
0000e4e1     393 (0000e4c0)     _xcpModelStopRequest
0000e4e2     393 (0000e4c0)     _xcpModelStatus
0000e4e3     393 (0000e4c0)     _xcpExtmodeSimulationComplete
0000e4e6     393 (0000e4c0)     _xcpModelChecksum0
0000e4e8     393 (0000e4c0)     _xcpModelChecksum1
0000e4ea     393 (0000e4c0)     _xcpModelChecksum2
0000e4ec     393 (0000e4c0)     _xcpModelChecksum3
0000e4ee     393 (0000e4c0)     _xcpModelIntegerCode
0000e4f0     393 (0000e4c0)     _xcpExtmodeFinalSimulationTime
0000e4f2     393 (0000e4c0)     _xcpDummyDoubleVariable
0000e4fe     393 (0000e4c0)     __unlock

0000e554     395 (0000e540)     _CpuTimer0
0000e55c     395 (0000e540)     _CpuTimer1
0000e564     395 (0000e540)     _CpuTimer2

0000e580     396 (0000e580)     _queRx

0000e5f2     397 (0000e5c0)     _MW_DAC_PTR
0000e5fe     397 (0000e5c0)     _MW_SCI_PTR

0000e600     398 (0000e600)     _IpcGSlocation1

0000e640     399 (0000e640)     _IpcGSlocation2

0000e680     39a (0000e680)     _ErrorFlag
0000e682     39a (0000e680)     _mwInitStart
0000e684     39a (0000e680)     _mwInitEnd
0000e686     39a (0000e680)     ___TI_enable_exit_profile_output
0000e688     39a (0000e680)     ___TI_cleanup_ptr
0000e68a     39a (0000e680)     ___TI_dtors_ptr
0000e696     39a (0000e680)     _xcpCurrentSimulationTimeInTicks
0000e69e     39a (0000e680)     _IsrOverrun
0000e6a0     39a (0000e680)     _stopRequested
0000e6a1     39a (0000e680)     _runModel
0000e6aa     39a (0000e680)     _tempChNum_write
0000e6ab     39a (0000e680)     _tempChNum_read
0000e6ac     39a (0000e680)     _isInitialized
0000e6ad     39a (0000e680)     _GPIO_oneTimeInit
0000e6b2     39a (0000e680)     _MW_InterruptDisableLock

0003f800     fe0 (0003f800)     _MW_IPCCPU2toCPU1Buffers

0003f900     fe4 (0003f900)     _MW_GetWriteIndexes
0003f920     fe4 (0003f900)     _MW_PutReadIndexes

0003f940     fe5 (0003f940)     _MW_WRITESTATUSBUFF1
0003f960     fe5 (0003f940)     _MW_WRITESTATUSBUFF2

0003f980     fe6 (0003f980)     _MW_READSTATUSBUFF1
0003f9a0     fe6 (0003f980)     _MW_READSTATUSBUFF2

0003fc00     ff0 (0003fc00)     _MW_IPCCPU1toCPU2Buffers

0003fd00     ff4 (0003fd00)     _MW_PutWriteIndexes
0003fd20     ff4 (0003fd00)     _MW_GetReadIndexes

0003fd40     ff5 (0003fd40)     _MW_WRITEFLAGBUFF1
0003fd60     ff5 (0003fd40)     _MW_WRITEFLAGBUFF2

0003fd80     ff6 (0003fd80)     _MW_READFLAGBUFF1
0003fda0     ff6 (0003fd80)     _MW_READFLAGBUFF2

00047000    11c0 (00047000)     _Emif1Regs

00047800    11e0 (00047800)     _Emif2Regs

00048000    1200 (00048000)     _CanaRegs

0004a000    1280 (0004a000)     _CanbRegs

00050000    1400 (00050000)     _IpcRegs
00050024    1400 (00050000)     _FlashPumpSemaphoreRegs

0005d000    1740 (0005d000)     _DevCfgRegs

0005d180    1746 (0005d180)     _AnalogSubsysRegs

0005d200    1748 (0005d200)     _ClkCfgRegs

0005d300    174c (0005d300)     _CpuSysRegs

0005e608    1798 (0005e600)     _RomPrefetchRegs

0005f000    17c0 (0005f000)     _DcsmZ1Regs

0005f040    17c1 (0005f040)     _DcsmZ2Regs
0005f070    17c1 (0005f040)     _DcsmCommonRegs

0005f400    17d0 (0005f400)     _MemCfgRegs

0005f480    17d2 (0005f480)     _Emif1ConfigRegs
0005f4a0    17d2 (0005f480)     _Emif2ConfigRegs

0005f4c0    17d3 (0005f4c0)     _AccessProtectionRegs

0005f500    17d4 (0005f500)     _MemoryErrorRegs

0005f540    17d5 (0005f540)     _RomWaitStateRegs

0005f800    17e0 (0005f800)     _Flash0CtrlRegs

0005fb00    17ec (0005fb00)     _Flash0EccRegs

000847b4    211e (00084780)     _PieVectTableInit

00084a00    2128 (00084a00)     _stageControl_M


GLOBAL SYMBOLS: SORTED ALPHABETICALLY BY Name 

page  address   name                                            
----  -------   ----                                            
0     00080078  .text                                           
0     00084652  C$$EXIT                                         
0     00080df3  _ADCA1_ISR                                      
0     00081073  _ADCA2_ISR                                      
0     0008107d  _ADCA3_ISR                                      
0     00081087  _ADCA4_ISR                                      
0     00081069  _ADCA_EVT_ISR                                   
0     00080dfd  _ADCB1_ISR                                      
0     0008109b  _ADCB2_ISR                                      
0     000810a5  _ADCB3_ISR                                      
0     000810af  _ADCB4_ISR                                      
0     00081091  _ADCB_EVT_ISR                                   
0     00080e07  _ADCC1_ISR                                      
0     00081203  _ADCC2_ISR                                      
0     0008120d  _ADCC3_ISR                                      
0     00081217  _ADCC4_ISR                                      
0     000811f9  _ADCC_EVT_ISR                                   
0     00080e25  _ADCD1_ISR                                      
0     0008122b  _ADCD2_ISR                                      
0     00081235  _ADCD3_ISR                                      
0     0008123f  _ADCD4_ISR                                      
0     00081221  _ADCD_EVT_ISR                                   
0     0008127b  _AUX_PLL_SLIP_ISR                               
1     0005f4c0  _AccessProtectionRegs                           
0     00083e62  _AdcSetMode                                     
1     00007400  _AdcaRegs                                       
1     00000b00  _AdcaResultRegs                                 
1     00007480  _AdcbRegs                                       
1     00000b20  _AdcbResultRegs                                 
1     00007500  _AdccRegs                                       
1     00000b40  _AdccResultRegs                                 
1     00007580  _AdcdRegs                                       
1     00000b60  _AdcdResultRegs                                 
1     0005d180  _AnalogSubsysRegs                               
0     00081bda  _AuxAuxClkSel                                   
0     00081bc4  _AuxIntOsc2Sel                                  
0     00081bce  _AuxXtalOscSel                                  
0     00084155  _BytePacker16bits                               
0     0008412f  _BytePacker32bits                               
0     0008410c  _BytePackerInplace32bits                        
0     00081041  _CANA0_ISR                                      
0     0008104b  _CANA1_ISR                                      
0     00081055  _CANB0_ISR                                      
0     0008105f  _CANB1_ISR                                      
0     000810b9  _CLA1_1_ISR                                     
0     000810c3  _CLA1_2_ISR                                     
0     000810cd  _CLA1_3_ISR                                     
0     000810d7  _CLA1_4_ISR                                     
0     000810e1  _CLA1_5_ISR                                     
0     000810eb  _CLA1_6_ISR                                     
0     000810f5  _CLA1_7_ISR                                     
0     000810ff  _CLA1_8_ISR                                     
0     00081285  _CLA_OVERFLOW_ISR                               
0     0008128f  _CLA_UNDERFLOW_ISR                              
0     00083f52  _CPU02toCPU01IPC0IntHandler                     
0     00083f18  _CalAdcINL                                      
1     00048000  _CanaRegs                                       
1     0004a000  _CanbRegs                                       
1     00001400  _Cla1Regs                                       
1     00003200  _Clb1DataExchRegs                               
1     00003000  _Clb1LogicCfgRegs                               
1     00003100  _Clb1LogicCtrlRegs                              
1     00003600  _Clb2DataExchRegs                               
1     00003400  _Clb2LogicCfgRegs                               
1     00003500  _Clb2LogicCtrlRegs                              
1     00003a00  _Clb3DataExchRegs                               
1     00003800  _Clb3LogicCfgRegs                               
1     00003900  _Clb3LogicCtrlRegs                              
1     00003e00  _Clb4DataExchRegs                               
1     00003c00  _Clb4LogicCfgRegs                               
1     00003d00  _Clb4LogicCtrlRegs                              
1     00007a40  _ClbXbarRegs                                    
1     0005d200  _ClkCfgRegs                                     
1     00005c80  _Cmpss1Regs                                     
1     00005ca0  _Cmpss2Regs                                     
1     00005cc0  _Cmpss3Regs                                     
1     00005ce0  _Cmpss4Regs                                     
1     00005d00  _Cmpss5Regs                                     
1     00005d20  _Cmpss6Regs                                     
1     00005d40  _Cmpss7Regs                                     
1     00005d60  _Cmpss8Regs                                     
0     00084359  _ConfigCpuTimer                                 
0     00081c2e  _ConfigureTMXAnalogTrim                         
1     0005d300  _CpuSysRegs                                     
1     0000e554  _CpuTimer0                                      
1     00000c00  _CpuTimer0Regs                                  
1     0000e55c  _CpuTimer1                                      
1     00000c08  _CpuTimer1Regs                                  
1     0000e564  _CpuTimer2                                      
1     00000c10  _CpuTimer2Regs                                  
0     00081b6f  _CsmUnlock                                      
0     00080d49  _DATALOG_ISR                                    
0     00080f8d  _DMA_CH1_ISR                                    
0     00080f97  _DMA_CH2_ISR                                    
0     00080fa1  _DMA_CH3_ISR                                    
0     00080fab  _DMA_CH4_ISR                                    
0     00080fb5  _DMA_CH5_ISR                                    
0     00080fbf  _DMA_CH6_ISR                                    
1     00005c00  _DacaRegs                                       
1     00005c10  _DacbRegs                                       
1     00005c20  _DaccRegs                                       
1     0005f070  _DcsmCommonRegs                                 
1     0005f000  _DcsmZ1Regs                                     
1     0005f040  _DcsmZ2Regs                                     
0     00082e89  _DelayLoop                                      
1     0005d000  _DevCfgRegs                                     
0     00081884  _DisableDog                                     
0     00081845  _DisablePeripheralClocks                        
1     00007980  _DmaClaSrcSelRegs                               
1     00001000  _DmaRegs                                        
0     00080ee3  _ECAP1_ISR                                      
0     00080eed  _ECAP2_ISR                                      
0     00080ef7  _ECAP3_ISR                                      
0     00080f01  _ECAP4_ISR                                      
0     00080f0b  _ECAP5_ISR                                      
0     00080f15  _ECAP6_ISR                                      
1     00005000  _ECap1Regs                                      
1     00005020  _ECap2Regs                                      
1     00005040  _ECap3Regs                                      
1     00005060  _ECap4Regs                                      
1     00005080  _ECap5Regs                                      
1     000050a0  _ECap6Regs                                      
0     00081249  _EMIF_ERROR_ISR                                 
0     000812a3  _EMPTY_ISR                                      
0     00080d5d  _EMU_ISR                                        
0     0008119f  _EPWM10_ISR                                     
0     00081177  _EPWM10_TZ_ISR                                  
0     000811a9  _EPWM11_ISR                                     
0     00081181  _EPWM11_TZ_ISR                                  
0     000811b3  _EPWM12_ISR                                     
0     0008118b  _EPWM12_TZ_ISR                                  
0     00080e93  _EPWM1_ISR                                      
0     00080e43  _EPWM1_TZ_ISR                                   
0     00080e9d  _EPWM2_ISR                                      
0     00080e4d  _EPWM2_TZ_ISR                                   
0     00080ea7  _EPWM3_ISR                                      
0     00080e57  _EPWM3_TZ_ISR                                   
0     00080eb1  _EPWM4_ISR                                      
0     00080e61  _EPWM4_TZ_ISR                                   
0     00080ebb  _EPWM5_ISR                                      
0     00080e6b  _EPWM5_TZ_ISR                                   
0     00080ec5  _EPWM6_ISR                                      
0     00080e75  _EPWM6_TZ_ISR                                   
0     00080ecf  _EPWM7_ISR                                      
0     00080e7f  _EPWM7_TZ_ISR                                   
0     00080ed9  _EPWM8_ISR                                      
0     00080e89  _EPWM8_TZ_ISR                                   
0     00081195  _EPWM9_ISR                                      
0     0008116d  _EPWM9_TZ_ISR                                   
1     00004900  _EPwm10Regs                                     
1     00004a00  _EPwm11Regs                                     
1     00004b00  _EPwm12Regs                                     
1     00004000  _EPwm1Regs                                      
1     00004100  _EPwm2Regs                                      
1     00004200  _EPwm3Regs                                      
1     00004300  _EPwm4Regs                                      
1     00004400  _EPwm5Regs                                      
1     00004500  _EPwm6Regs                                      
1     00004600  _EPwm7Regs                                      
1     00004700  _EPwm8Regs                                      
1     00004800  _EPwm9Regs                                      
1     00007a00  _EPwmXbarRegs                                   
0     00080f1f  _EQEP1_ISR                                      
0     00080f29  _EQEP2_ISR                                      
0     00080f33  _EQEP3_ISR                                      
1     00005100  _EQep1Regs                                      
1     00005140  _EQep2Regs                                      
1     00005180  _EQep3Regs                                      
1     0005f480  _Emif1ConfigRegs                                
1     00047000  _Emif1Regs                                      
1     0005f4a0  _Emif2ConfigRegs                                
1     00047800  _Emif2Regs                                      
0     0008469a  _EnableInterrupts                               
1     0000e680  _ErrorFlag                                      
0     000080ab  _F28x_usDelay                                   
0     0008125d  _FLASH_CORRECTABLE_ERROR_ISR                    
0     00081131  _FPU_OVERFLOW_ISR                               
0     0008113b  _FPU_UNDERFLOW_ISR                              
1     0005f800  _Flash0CtrlRegs                                 
1     0005fb00  _Flash0EccRegs                                  
0     0000809d  _FlashOff                                       
1     00050024  _FlashPumpSemaphoreRegs                         
0     00083089  _GPIO_EnableUnbondedIOPullups                   
0     00083064  _GPIO_EnableUnbondedIOPullupsFor100Pin          
0     0008304b  _GPIO_EnableUnbondedIOPullupsFor176Pin          
0     0008309f  _GPIO_ReadPin                                   
0     00082ff0  _GPIO_SetupLock                                 
0     00082ed0  _GPIO_SetupPinMux                               
0     00082f5c  _GPIO_SetupPinOptions                           
0     00083019  _GPIO_SetupXINT1Gpio                            
0     00083023  _GPIO_SetupXINT2Gpio                            
0     0008302d  _GPIO_SetupXINT3Gpio                            
0     00083037  _GPIO_SetupXINT4Gpio                            
0     00083041  _GPIO_SetupXINT5Gpio                            
0     0008462d  _GPIO_TogglePin                                 
0     000830b6  _GPIO_WritePin                                  
1     0000e6ad  _GPIO_oneTimeInit                               
1     00007c00  _GpioCtrlRegs                                   
1     00007f00  _GpioDataRegs                                   
0     00081bf8  _HALT                                           
0     00081c11  _HIB                                            
0     00080fd3  _I2CA_FIFO_ISR                                  
0     00080fc9  _I2CA_ISR                                       
0     00080fe7  _I2CB_FIFO_ISR                                  
0     00080fdd  _I2CB_ISR                                       
1     00007300  _I2caRegs                                       
1     00007340  _I2cbRegs                                       
0     00081be4  _IDLE                                           
0     00080d71  _ILLEGAL_ISR                                    
0     00081145  _IPC0_ISR                                       
0     0008114f  _IPC1_ISR                                       
0     00081159  _IPC2_ISR                                       
0     00081163  _IPC3_ISR                                       
0     0008242b  _IPCInit                                        
0     00082c48  _IPCLiteLtoRClearBits                           
0     00082c72  _IPCLiteLtoRClearBits_Protected                 
0     00082bd1  _IPCLiteLtoRDataRead                            
0     00082c9c  _IPCLiteLtoRDataWrite                           
0     00082cc1  _IPCLiteLtoRDataWrite_Protected                 
0     00082ce6  _IPCLiteLtoRFunctionCall                        
0     00082bb6  _IPCLiteLtoRGetResult                           
0     00082bf4  _IPCLiteLtoRSetBits                             
0     00082c1e  _IPCLiteLtoRSetBits_Protected                   
0     00082d02  _IPCLiteReqMemAccess                            
0     00082dac  _IPCLiteRtoLClearBits                           
0     00082ddc  _IPCLiteRtoLClearBits_Protected                 
0     00082d26  _IPCLiteRtoLDataRead                            
0     00082e0f  _IPCLiteRtoLDataWrite                           
0     00082e3c  _IPCLiteRtoLDataWrite_Protected                 
0     00082e6c  _IPCLiteRtoLFunctionCall                        
0     00082d4d  _IPCLiteRtoLSetBits                             
0     00082d7b  _IPCLiteRtoLSetBits_Protected                   
0     000843cc  _InitAdcA                                       
0     000843e9  _InitAdcD                                       
0     00081a80  _InitAuxPll                                     
0     00084318  _InitCpuTimers                                  
0     00008074  _InitFlash                                      
0     00082e90  _InitGpio                                       
0     000817c1  _InitPeripheralClocks                           
0     0008467b  _InitPieCtrl                                    
0     000846a3  _InitPieVectTable                               
0     000817a1  _InitSysCtrl                                    
0     00081892  _InitSysPll                                     
1     00007900  _InputXbarRegs                                  
1     0000e600  _IpcGSlocation1                                 
1     0000e640  _IpcGSlocation2                                 
1     00050000  _IpcRegs                                        
1     0000e69e  _IsrOverrun                                     
0     00080f65  _MCBSPA_RX_ISR                                  
0     00080f6f  _MCBSPA_TX_ISR                                  
0     00080f79  _MCBSPB_RX_ISR                                  
0     00080f83  _MCBSPB_TX_ISR                                  
0     000812f7  _MWDSP_EPH_R_R                                  
0     00084476  _MW_ConfigureDACA                               
0     00084497  _MW_ConfigureDACB                               
0     000844b9  _MW_ConfigureDACC                               
1     0000e5f2  _MW_DAC_PTR                                     
1     0003fd20  _MW_GetReadIndexes                              
0     0003f900  _MW_GetWriteIndexes                             
1     0003fc00  _MW_IPCCPU1toCPU2Buffers                        
0     0003f800  _MW_IPCCPU2toCPU1Buffers                        
0     000823b5  _MW_IPC_Read_GSRAM                              
0     00082304  _MW_IPC_Receive                                 
0     00082249  _MW_IPC_StatusCheck                             
0     000820be  _MW_IPC_Transmit                                
0     000821a4  _MW_IPC_Write_GSRAM                             
1     0000e6b2  _MW_InterruptDisableLock                        
0     0003f920  _MW_PutReadIndexes                              
1     0003fd00  _MW_PutWriteIndexes                             
1     0003fd80  _MW_READFLAGBUFF1                               
1     0003fda0  _MW_READFLAGBUFF2                               
0     0003f980  _MW_READSTATUSBUFF1                             
0     0003f9a0  _MW_READSTATUSBUFF2                             
0     000847b3  _MW_RamfuncsLoadEnd                             
abs   0000003f  _MW_RamfuncsLoadSize                            
0     00084774  _MW_RamfuncsLoadStart                           
0     000080b3  _MW_RamfuncsRunEnd                              
abs   0000003f  _MW_RamfuncsRunSize                             
0     00008074  _MW_RamfuncsRunStart                            
1     0000e5fe  _MW_SCI_PTR                                     
1     0003fd40  _MW_WRITEFLAGBUFF1                              
1     0003fd60  _MW_WRITEFLAGBUFF2                              
0     0003f940  _MW_WRITESTATUSBUFF1                            
0     0003f960  _MW_WRITESTATUSBUFF2                            
1     0000e480  _MW_adcAInitFlag                                
1     0000e481  _MW_adcDInitFlag                                
1     00006000  _McbspaRegs                                     
1     00006040  _McbspbRegs                                     
1     0005f400  _MemCfgRegs                                     
1     0005f500  _MemoryErrorRegs                                
0     00080d67  _NMI_ISR                                        
0     000812b0  _NOTUSED_ISR                                    
1     00007060  _NmiIntruptRegs                                 
0     00084622  _OneTimeGpioInit                                
1     00007a80  _OutputXbarRegs                                 
0     00081299  _PIE_RESERVED_ISR                               
1     00000ce0  _PieCtrlRegs                                    
1     00000d00  _PieVectTable                                   
0     000847b4  _PieVectTableInit                               
0     00081267  _RAM_ACCESS_VIOLATION_ISR                       
0     00081253  _RAM_CORRECTABLE_ERROR_ISR                      
0     00080d53  _RTOS_ISR                                       
0     00080078  _RamfuncsLoadEnd                                
abs   00000074  _RamfuncsLoadSize                               
0     00080004  _RamfuncsLoadStart                              
0     00008074  _RamfuncsRunEnd                                 
abs   00000074  _RamfuncsRunSize                                
0     00008000  _RamfuncsRunStart                               
0     0008186c  _ReleaseFlashPump                               
1     0005e608  _RomPrefetchRegs                                
1     0005f540  _RomWaitStateRegs                               
0     00081019  _SCIA_RX_ISR                                    
0     00081023  _SCIA_TX_ISR                                    
0     0008102d  _SCIB_RX_ISR                                    
0     00081037  _SCIB_TX_ISR                                    
0     00080ff1  _SCIC_RX_ISR                                    
0     00080ffb  _SCIC_TX_ISR                                    
0     00081005  _SCID_RX_ISR                                    
0     0008100f  _SCID_TX_ISR                                    
0     00008000  _SCIRXINT_isr                                   
0     000811bd  _SD1_ISR                                        
0     000811c7  _SD2_ISR                                        
0     00080f3d  _SPIA_RX_ISR                                    
0     00080f47  _SPIA_TX_ISR                                    
0     00080f51  _SPIB_RX_ISR                                    
0     00080f5b  _SPIB_TX_ISR                                    
0     000811d1  _SPIC_RX_ISR                                    
0     000811db  _SPIC_TX_ISR                                    
0     00081bed  _STANDBY                                        
0     00081271  _SYS_PLL_SLIP_ISR                               
1     00007200  _SciaRegs                                       
1     00007210  _ScibRegs                                       
1     00007220  _ScicRegs                                       
1     00007230  _ScidRegs                                       
1     00005e00  _Sdfm1Regs                                      
1     00005e80  _Sdfm2Regs                                      
0     0008185d  _SeizeFlashPump                                 
0     00081876  _ServiceDog                                     
0     00084644  _Set_GPIOPin                                    
1     00006100  _SpiaRegs                                       
1     00006110  _SpibRegs                                       
1     00006120  _SpicRegs                                       
1     00007940  _SyncSocRegs                                    
0     000080af  _SysCtl_delay                                   
0     00081b90  _SysIntOsc1Sel                                  
0     00081ba0  _SysIntOsc2Sel                                  
0     00081bb4  _SysXtalOscSel                                  
0     00080e2f  _TIMER0_ISR                                     
0     00080d35  _TIMER1_ISR                                     
0     00080d3f  _TIMER2_ISR                                     
0     000845de  _TINT0_isr                                      
0     000811e5  _UPPA_ISR                                       
0     000811ef  _USBA_ISR                                       
0     00080dd5  _USER10_ISR                                     
0     00080ddf  _USER11_ISR                                     
0     00080de9  _USER12_ISR                                     
0     00080d7b  _USER1_ISR                                      
0     00080d85  _USER2_ISR                                      
0     00080d8f  _USER3_ISR                                      
0     00080d99  _USER4_ISR                                      
0     00080da3  _USER5_ISR                                      
0     00080dad  _USER6_ISR                                      
0     00080db7  _USER7_ISR                                      
0     00080dc1  _USER8_ISR                                      
0     00080dcb  _USER9_ISR                                      
1     00006200  _UppRegs                                        
0     00081127  _VCU_ISR                                        
0     00080e39  _WAKE_ISR                                       
1     00007000  _WdRegs                                         
0     00080e11  _XINT1_ISR                                      
0     00080e1b  _XINT2_ISR                                      
0     00081109  _XINT3_ISR                                      
0     00081113  _XINT4_ISR                                      
0     0008111d  _XINT5_ISR                                      
1     00007920  _XbarRegs                                       
1     00007070  _XintRegs                                       
1     00000162  __STACK_END                                     
abs   00000040  __STACK_SIZE                                    
1     0000e688  ___TI_cleanup_ptr                               
1     0000e68a  ___TI_dtors_ptr                                 
1     0000e686  ___TI_enable_exit_profile_output                
abs   ffffffff  ___TI_pprof_out_hndl                            
abs   ffffffff  ___TI_prof_data_size                            
abs   ffffffff  ___TI_prof_data_start                           
abs   ffffffff  ___binit__                                      
abs   ffffffff  ___c_args__                                     
[...]
0     00083702  _xcpFrameMaxDtoSize                             
0     00083706  _xcpFrameMaxCtoSize                             
0     00083708  _xcpFrameRestart                                
0     0008370f  _xcpFrameSetCtoReservedMemPoolId                
0     00083716  _xcpFrameReset                                  
0     00083853  _xcpExtModeClassicTriggerInit                   
0     00083862  _xcpExtModeClassicTriggerEnabled                
0     000838a2  _xcpExtModeClassicTriggerReset                  
0     000838c2  _xcpExtModeClassicTriggerForceEnableStatusUpdate
0     000838e1  _xcp_void_printf                                
0     00083979  _xcpExtModeUpdateTime                           
0     00083980  _xcpExtModeGetUpdatedTimestamp                  
0     00083987  _xcpGetTimestamp                                
0     0008399e  _xcpExtModeInit                                 
0     000839c6  _xcpExtModeRunBackground                        
0     00083a25  _xcpExtModeReset                                
0     00083a6c  _extmodeParseArgs                               
0     00083a73  _extmodeInit                                    
0     00083acd  _extmodeWaitForHostRequest                      
0     00083b21  _extmodeEvent                                   
0     00083b68  _extmodeBackgroundRun                           
0     00083b70  _extmodeReset                                   
0     00083b85  _extmodeStopRequested                           
0     00083b89  _extmodeStartRequested                          
0     00083b8d  _extmodeSimulationComplete                      
0     00083b91  _extmodeGetFinalSimulationTime                  
0     00083ba6  _extmodeSetFinalSimulationTime                  
0     00083bae  _extmodeGetEventTriggerEnable                   
0     00083bc8  _extmodeSetEventTriggerEnable                   
0     00083bdc  _xcpDrvOpen                                     
0     00083bf6  _xcpDrvIoctl                                    
0     00083c0a  _xcpDrvSend                                     
0     00083c79  _xcpDrvRecv                                     
0     00083ce8  _xcpDrvRecvUnknownSize                          
0     00083d2b  _xcpDrvClose                                    
0     00083d46  _enable_interrupts_sci                          
0     00083d55  _rtIOStreamOpen                                 
0     00083d73  _rtIOStreamClose                                
0     00083d79  _rtIOStreamSend                                 
0     00083d86  _rtIOStreamRecv                                 
0     00083d9c  _init_SCI_external_mode                         
0     00083e0c  _sci_rcv_external_mode                          
0     00083e4a  _sci_xmit_external_mode                         
0     00083e62  _AdcSetMode                                     
0     00083f18  _CalAdcINL                                      
0     00083f52  _CPU02toCPU01IPC0IntHandler                     
0     000840fa  _xcpCalibrationInit                             
0     000840ff  _xcpCalibrationGetPacketLookup                  
0     00084103  _xcpCalibrationSetPacketLookup                  
0     0008410b  _xcpCalibrationReset                            
0     0008410c  _BytePackerInplace32bits                        
0     0008412f  _BytePacker32bits                               
0     00084155  _BytePacker16bits                               
0     00084178  _initQue                                        
0     00084185  _isEmpty                                        
0     00084191  _isFull                                         
0     0008419e  _addElement                                     
0     000841c5  _rt_OneStep                                     
0     000841d9  _main                                           
0     0008427c  _init_board                                     
0     00084318  _InitCpuTimers                                  
0     00084359  _ConfigCpuTimer                                 
0     00084394  _config_ADCA_SOC0                               
0     000843b1  _config_ADCD_SOC0                               
0     000843cc  _InitAdcA                                       
0     000843e9  _InitAdcD                                       
0     00084406  _configureTimer0                                
0     00084444  _stopTimer0                                     
0     00084449  _enableTimer0Interrupt                          
0     00084453  _disableTimer0Interrupt                         
0     0008446b  _restoreTimer0Interrupt                         
0     00084476  _MW_ConfigureDACA                               
0     00084497  _MW_ConfigureDACB                               
0     000844b9  _MW_ConfigureDACC                               
0     000844db  _xcpFifoInit                                    
0     000844e4  _xcpFifoEnqueue                                 
0     000844f3  _xcpFifoDequeue                                 
0     00084506  _xcpFifoEnqueueHead                             
0     00084515  _xcpFifoSpliceHead                              
0     0008452b  _xcpFifoEmpty                                   
0     00084534  _xcpFifoReset                                   
0     0008453a  _c_int00                                        
0     00084590  _config_QEP_eQEP1                               
0     000845de  _TINT0_isr                                      
0     00084622  _OneTimeGpioInit                                
0     0008462d  _GPIO_TogglePin                                 
0     00084644  _Set_GPIOPin                                    
0     00084652  C$$EXIT                                         
0     00084652  _abort                                          
0     00084654  _exit                                           
0     0008467b  _InitPieCtrl                                    
0     0008469a  _EnableInterrupts                               
0     000846a3  _InitPieVectTable                               
0     000846c9  _copy_in                                        
0     000846ed  _xcpExtModeParseArgs                            
0     000846f2  _xcpTransportGetInitParameters                  
0     000846ff  _xcpGetInitParameters                           
0     0008470c  _memcpy                                         
0     00084729  __args_main                                     
0     0008473b  _globalInterruptEnable                          
0     00084743  _globalInterruptDisable                         
0     0008474c  _hardwareTimer1Init                             
0     00084758  __register_unlock                               
0     0008475c  __register_lock                                 
0     00084760  __nop                                           
0     00084769  _memset                                         
0     00084770  __system_pre_init                               
0     00084772  __system_post_cinit                             
0     00084773  ___etext__                                      
0     00084773  etext                                           
0     00084774  _MW_RamfuncsLoadStart                           
0     000847b3  _MW_RamfuncsLoadEnd                             
0     000847b4  _PieVectTableInit                               
0     00084a00  _stageControl_M                                 
0     00084a04  ___cinit__                                      
0     00084a04  cinit                                           
1     00000122  __stack                                         
1     00000162  __STACK_END                                     
1     00000b00  _AdcaResultRegs                                 
1     00000b20  _AdcbResultRegs                                 
1     00000b40  _AdccResultRegs                                 
1     00000b60  _AdcdResultRegs                                 
1     00000c00  _CpuTimer0Regs                                  
1     00000c08  _CpuTimer1Regs                                  
1     00000c10  _CpuTimer2Regs                                  
1     00000ce0  _PieCtrlRegs                                    
1     00000d00  _PieVectTable                                   
1     00001000  _DmaRegs                                        
1     00001400  _Cla1Regs                                       
1     00003000  _Clb1LogicCfgRegs                               
1     00003100  _Clb1LogicCtrlRegs                              
1     00003200  _Clb1DataExchRegs                               
1     00003400  _Clb2LogicCfgRegs                               
1     00003500  _Clb2LogicCtrlRegs                              
1     00003600  _Clb2DataExchRegs                               
1     00003800  _Clb3LogicCfgRegs                               
1     00003900  _Clb3LogicCtrlRegs                              
1     00003a00  _Clb3DataExchRegs                               
1     00003c00  _Clb4LogicCfgRegs                               
1     00003d00  _Clb4LogicCtrlRegs                              
1     00003e00  _Clb4DataExchRegs                               
1     00004000  _EPwm1Regs                                      
1     00004100  _EPwm2Regs                                      
1     00004200  _EPwm3Regs                                      
1     00004300  _EPwm4Regs                                      
1     00004400  _EPwm5Regs                                      
1     00004500  _EPwm6Regs                                      
1     00004600  _EPwm7Regs                                      
1     00004700  _EPwm8Regs                                      
1     00004800  _EPwm9Regs                                      
1     00004900  _EPwm10Regs                                     
1     00004a00  _EPwm11Regs                                     
1     00004b00  _EPwm12Regs                                     
1     00005000  _ECap1Regs                                      
1     00005020  _ECap2Regs                                      
1     00005040  _ECap3Regs                                      
1     00005060  _ECap4Regs                                      
1     00005080  _ECap5Regs                                      
1     000050a0  _ECap6Regs                                      
1     00005100  _EQep1Regs                                      
1     00005140  _EQep2Regs                                      
1     00005180  _EQep3Regs                                      
1     00005c00  _DacaRegs                                       
1     00005c10  _DacbRegs                                       
1     00005c20  _DaccRegs                                       
1     00005c80  _Cmpss1Regs                                     
1     00005ca0  _Cmpss2Regs                                     
1     00005cc0  _Cmpss3Regs                                     
1     00005ce0  _Cmpss4Regs                                     
1     00005d00  _Cmpss5Regs                                     
1     00005d20  _Cmpss6Regs                                     
1     00005d40  _Cmpss7Regs                                     
1     00005d60  _Cmpss8Regs                                     
1     00005e00  _Sdfm1Regs                                      
1     00005e80  _Sdfm2Regs                                      
1     00006000  _McbspaRegs                                     
1     00006040  _McbspbRegs                                     
1     00006100  _SpiaRegs                                       
1     00006110  _SpibRegs                                       
1     00006120  _SpicRegs                                       
1     00006200  _UppRegs                                        
1     00007000  _WdRegs                                         
1     00007060  _NmiIntruptRegs                                 
1     00007070  _XintRegs                                       
1     00007200  _SciaRegs                                       
1     00007210  _ScibRegs                                       
1     00007220  _ScicRegs                                       
1     00007230  _ScidRegs                                       
1     00007300  _I2caRegs                                       
1     00007340  _I2cbRegs                                       
1     00007400  _AdcaRegs                                       
1     00007480  _AdcbRegs                                       
1     00007500  _AdccRegs                                       
1     00007580  _AdcdRegs                                       
1     00007900  _InputXbarRegs                                  
1     00007920  _XbarRegs                                       
1     00007940  _SyncSocRegs                                    
1     00007980  _DmaClaSrcSelRegs                               
1     00007a00  _EPwmXbarRegs                                   
1     00007a40  _ClbXbarRegs                                    
1     00007a80  _OutputXbarRegs                                 
1     00007c00  _GpioCtrlRegs                                   
1     00007f00  _GpioDataRegs                                   
1     0000c000  _mwChannel0Buff1                                
1     0000c002  _mwChannel0Buff2                                
1     0000c004  _mwChannel1Buff1                                
1     0000c006  _mwChannel1Buff2                                
1     0000c008  _mwChannel2Buff1                                
1     0000c00a  _mwChannel2Buff2                                
1     0000e000  _mwCMIpcControllerTx                            
1     0000e000  _mwIpcControllerTx                              
1     0000e37e  __lock                                          
1     0000e400  _stageControl_P                                 
1     0000e464  _xcpClassicTriggerEventId                       
1     0000e465  _xcpClassicTriggerSignalAddressExtension        
1     0000e466  _xcpClassicTriggerDirection                     
1     0000e467  _xcpClassicTriggerArmRequest                    
1     0000e468  _xcpClassicTriggerCancelRequest                 
1     0000e469  _xcpClassicTriggerSource                        
1     0000e46a  _xcpClassicTriggerMode                          
1     0000e46b  _xcpClassicTriggerStatus                        
1     0000e472  _xcpClassicTriggerSignalAddress                 
1     0000e474  _xcpClassicTriggerLevel                         
1     0000e476  _xcpClassicTriggerDuration                      
1     0000e478  _xcpClassicTriggerHoldOff                       
1     0000e47a  _xcpClassicTriggerDelay                         
1     0000e480  _MW_adcAInitFlag                                
1     0000e481  _MW_adcDInitFlag                                
1     0000e48c  _stageControl_DW                                
1     0000e49e  _stageControl_B                                 
1     0000e4e0  _xcpModelStartRequest                           
1     0000e4e1  _xcpModelStopRequest                            
1     0000e4e2  _xcpModelStatus                                 
1     0000e4e3  _xcpExtmodeSimulationComplete                   
1     0000e4e6  _xcpModelChecksum0                              
1     0000e4e8  _xcpModelChecksum1                              
1     0000e4ea  _xcpModelChecksum2                              
1     0000e4ec  _xcpModelChecksum3                              
1     0000e4ee  _xcpModelIntegerCode                            
1     0000e4f0  _xcpExtmodeFinalSimulationTime                  
1     0000e4f2  _xcpDummyDoubleVariable                         
1     0000e4fe  __unlock                                        
1     0000e554  _CpuTimer0                                      
1     0000e55c  _CpuTimer1                                      
1     0000e564  _CpuTimer2                                      
1     0000e580  _queRx                                          
1     0000e5f2  _MW_DAC_PTR                                     
1     0000e5fe  _MW_SCI_PTR                                     
1     0000e600  _IpcGSlocation1                                 
1     0000e640  _IpcGSlocation2                                 
1     0000e680  _ErrorFlag                                      
1     0000e682  _mwInitStart                                    
1     0000e684  _mwInitEnd                                      
1     0000e686  ___TI_enable_exit_profile_output                
1     0000e688  ___TI_cleanup_ptr                               
1     0000e68a  ___TI_dtors_ptr                                 
1     0000e696  _xcpCurrentSimulationTimeInTicks                
1     0000e69e  _IsrOverrun                                     
1     0000e6a0  _stopRequested                                  
1     0000e6a1  _runModel                                       
1     0000e6aa  _tempChNum_write                                
1     0000e6ab  _tempChNum_read                                 
1     0000e6ac  _isInitialized                                  
1     0000e6ad  _GPIO_oneTimeInit                               
1     0000e6b2  _MW_InterruptDisableLock                        
1     0003fc00  _MW_IPCCPU1toCPU2Buffers                        
1     0003fd00  _MW_PutWriteIndexes                             
1     0003fd20  _MW_GetReadIndexes                              
1     0003fd40  _MW_WRITEFLAGBUFF1                              
1     0003fd60  _MW_WRITEFLAGBUFF2                              
1     0003fd80  _MW_READFLAGBUFF1                               
1     0003fda0  _MW_READFLAGBUFF2                               
1     00047000  _Emif1Regs                                      
1     00047800  _Emif2Regs                                      
1     00048000  _CanaRegs                                       
1     0004a000  _CanbRegs                                       
1     00050000  _IpcRegs                                        
1     00050024  _FlashPumpSemaphoreRegs                         
1     0005d000  _DevCfgRegs                                     
1     0005d180  _AnalogSubsysRegs                               
1     0005d200  _ClkCfgRegs                                     
1     0005d300  _CpuSysRegs                                     
1     0005e608  _RomPrefetchRegs                                
1     0005f000  _DcsmZ1Regs                                     
1     0005f040  _DcsmZ2Regs                                     
1     0005f070  _DcsmCommonRegs                                 
1     0005f400  _MemCfgRegs                                     
1     0005f480  _Emif1ConfigRegs                                
1     0005f4a0  _Emif2ConfigRegs                                
1     0005f4c0  _AccessProtectionRegs                           
1     0005f500  _MemoryErrorRegs                                
1     0005f540  _RomWaitStateRegs                               
1     0005f800  _Flash0CtrlRegs                                 
1     0005fb00  _Flash0EccRegs                                  
abs   0000003f  _MW_RamfuncsLoadSize                            
abs   0000003f  _MW_RamfuncsRunSize                             
abs   00000040  __STACK_SIZE                                    
abs   00000074  _RamfuncsLoadSize                               
abs   00000074  _RamfuncsRunSize                                
abs   ffffffff  ___TI_pprof_out_hndl                            
abs   ffffffff  ___TI_prof_data_size                            
abs   ffffffff  ___TI_prof_data_start                           
abs   ffffffff  ___binit__                                      
abs   ffffffff  ___c_args__                                     
abs   ffffffff  ___pinit__                                      
abs   ffffffff  binit                                           
abs   ffffffff  pinit                                           

[621 symbols]
